src/routes/auth.ts(62,47): error TS2339: Property 'errors' does not exist on type 'ZodError<unknown>'.
src/routes/auth.ts(93,47): error TS2339: Property 'errors' does not exist on type 'ZodError<unknown>'.
src/routes/users.ts(80,47): error TS2339: Property 'errors' does not exist on type 'ZodError<unknown>'.
src/routes/users.ts(110,47): error TS2339: Property 'errors' does not exist on type 'ZodError<unknown>'.
src/routes/workouts.ts(90,47): error TS2339: Property 'errors' does not exist on type 'ZodError<unknown>'.
src/routes/workouts.ts(171,47): error TS2339: Property 'errors' does not exist on type 'ZodError<unknown>'.
src/routes/workouts.ts(181,16): error TS2769: No overload matches this call.
  Overload 1 of 2, '(value: readonly Literal[], params?: string | { error?: string | $ZodErrorMap<$ZodIssueInvalidValue<unknown>> | undefined; message?: string | undefined; } | undefined): ZodLiteral<...>', gave the following error.
    Argument of type 'string' is not assignable to parameter of type 'readonly Literal[]'.
  Overload 2 of 2, '(value: "DELETE_ALL_HISTORY", params?: string | { error?: string | $ZodErrorMap<$ZodIssueInvalidValue<unknown>> | undefined; message?: string | undefined; } | undefined): ZodLiteral<...>', gave the following error.
    Object literal may only specify known properties, and 'errorMap' does not exist in type '{ error?: string | $ZodErrorMap<$ZodIssueInvalidValue<unknown>> | undefined; message?: string | undefined; }'.
src/routes/workouts.ts(191,47): error TS2339: Property 'errors' does not exist on type 'ZodError<unknown>'.
src/services/WodAssemblyService.ts(151,5): error TS2353: Object literal may only specify known properties, and 'OTHER' does not exist in type 'Record<WodProtocol, TemplateConfig>'.
src/services/WodAssemblyService.ts(154,23): error TS7006: Parameter '_dur' implicitly has an 'any' type.
src/services/WodAssemblyService.ts(154,29): error TS7006: Parameter 'mvs' implicitly has an 'any' type.
src/services/WodAssemblyService.ts(184,5): error TS2353: Object literal may only specify known properties, and 'OTHER' does not exist in type 'Record<WodProtocol, string>'.
